Table \ref{tab:HP:GA:ExpectedOutput:average fitness} tabulates the final average, standard deviations, and overall average for the average fitness that the different GATLAST configurations configured with different expected output weights were able to achieve.
\begin{table}[tbh!]
\centering
\begin{adjustbox}{trim=0cm 0cm 0cm 0cm, clip=true}
\begin{tabular}{|c|c|c|c|}
\hline
expected output & Final average & Final standard deviation & Overall average\\
\hline
0.0 & 0.357 & 0.023 & 0.309\\\hline
0.25 & 0.375 & 0.018 & 0.328\\\hline
0.5 & 0.374 & 0.02 & 0.329\\\hline
0.75 & 0.415 & 0.039 & 0.349\\\hline
1.0 & 0.416 & 0.028 & 0.351\\\hline
\end{tabular}
\end{adjustbox}
\caption{Final average, standard deviation, and overall average for the average fitness metric that the of different expected output configured GATLASTs were achieved}
\label{tab:HP:GA:ExpectedOutput:average fitness}
\end{table}