Table \ref{tab:HP:GA:ExpectedOutput:diversity in populations} tabulates the final average, standard deviations, and overall average for the diversity in populations that the different GATLAST configurations configured with different expected output weights were able to achieve.
\begin{table}[tbh!]
\centering
\begin{adjustbox}{trim=0cm 0cm 0cm 0cm, clip=true}
\begin{tabular}{|c|c|c|c|}
\hline
expected output & Final average & Final standard deviation & Overall average\\
\hline
0.0 & 0.618 & 0.085 & 0.769\\\hline
0.25 & 0.582 & 0.103 & 0.766\\\hline
0.5 & 0.602 & 0.057 & 0.752\\\hline
0.75 & 0.466 & 0.096 & 0.711\\\hline
1.0 & 0.516 & 0.121 & 0.728\\\hline
\end{tabular}
\end{adjustbox}
\caption{Final average, standard deviation, and overall average for the diversity in populations metric that the of different expected output configured GATLASTs were achieved}
\label{tab:HP:GA:ExpectedOutput:diversity in populations}
\end{table}