Table \ref{tab:HP:GA:ExpectedOutput:duration} tabulates the final average, standard deviations, and overall average for the duration that the different GATLAST configurations configured with different expected output weights were able to achieve.
\begin{table}[tbh!]
\centering
\begin{adjustbox}{trim=0cm 0cm 0cm 0cm, clip=true}
\begin{tabular}{|c|c|c|c|}
\hline
expected output & Final average & Final standard deviation & Overall average\\
\hline
0.0 & 40992.7 & 4430.189 & 41996.23\\\hline
0.25 & 40480.0 & 2348.735 & 41408.676\\\hline
0.5 & 40847.0 & 3322.273 & 41340.126\\\hline
0.75 & 42477.1 & 4606.227 & 41769.15\\\hline
1.0 & 43754.4 & 6336.055 & 41753.436\\\hline
\end{tabular}
\end{adjustbox}
\caption{Final average, standard deviation, and overall average for the duration metric that the of different expected output configured GATLASTs were achieved}
\label{tab:HP:GA:ExpectedOutput:duration}
\end{table}