Table \ref{tab:HP:GA:ExpectedOutput:number of errors found} tabulates the final average, standard deviations, and overall average for the number of errors found that the different GATLAST configurations configured with different expected output weights were able to achieve.
\begin{table}[tbh!]
\centering
\begin{adjustbox}{trim=0cm 0cm 0cm 0cm, clip=true}
\begin{tabular}{|c|c|c|c|}
\hline
expected output & Final average & Final standard deviation & Overall average\\
\hline
0.0 & 7.2 & 0.422 & 6.786\\\hline
0.25 & 7.2 & 0.422 & 7.018\\\hline
0.5 & 7.2 & 0.422 & 6.756\\\hline
0.75 & 7.0 & 0.0 & 6.988\\\hline
1.0 & 7.1 & 0.316 & 6.998\\\hline
\end{tabular}
\end{adjustbox}
\caption{Final average, standard deviation, and overall average for the number of errors found metric that the of different expected output configured GATLASTs were achieved}
\label{tab:HP:GA:ExpectedOutput:number of errors found}
\end{table}