Table \ref{tab:HP:GA:ExpectedOutput:best fitness} tabulates the final average, standard deviations, and overall average for the best fitness that the different GATLAST configurations configured with different expected output weights were able to achieve.
\begin{table}[tbh!]
\centering
\begin{adjustbox}{trim=0cm 0cm 0cm 0cm, clip=true}
\begin{tabular}{|c|c|c|c|}
\hline
expected output & Final average & Final standard deviation & Overall average\\
\hline
0.0 & 0.474 & 0.02 & 0.429\\\hline
0.25 & 0.48 & 0.025 & 0.434\\\hline
0.5 & 0.468 & 0.026 & 0.419\\\hline
0.75 & 0.49 & 0.021 & 0.454\\\hline
1.0 & 0.5 & 0.022 & 0.457\\\hline
\end{tabular}
\end{adjustbox}
\caption{Final average, standard deviation, and overall average for the best fitness metric that the of different expected output configured GATLASTs were achieved}
\label{tab:HP:GA:ExpectedOutput:best fitness}
\end{table}